# serializer version: 1
# name: test_sensor_update_exceptions[CannotConnect][sensor.pyload_speed-entry]
  EntityRegistryEntrySnapshot({
    'aliases': set({
    }),
    'area_id': None,
    'capabilities': None,
    'config_entry_id': <ANY>,
    'device_class': None,
    'device_id': <ANY>,
    'disabled_by': None,
    'domain': 'sensor',
    'entity_category': None,
    'entity_id': 'sensor.pyload_speed',
    'has_entity_name': True,
    'hidden_by': None,
    'icon': None,
    'id': <ANY>,
    'labels': set({
    }),
    'name': None,
    'options': dict({
      'sensor': dict({
        'suggested_display_precision': 1,
      }),
      'sensor.private': dict({
        'suggested_unit_of_measurement': <UnitOfDataRate.MEGABYTES_PER_SECOND: 'MB/s'>,
      }),
    }),
    'original_device_class': <SensorDeviceClass.DATA_RATE: 'data_rate'>,
    'original_icon': None,
    'original_name': 'Speed',
    'platform': 'pyload',
    'previous_unique_id': None,
    'supported_features': 0,
    'translation_key': <PyLoadSensorEntity.SPEED: 'speed'>,
    'unique_id': 'XXXXXXXXXXXXXX_speed',
    'unit_of_measurement': <UnitOfDataRate.MEGABYTES_PER_SECOND: 'MB/s'>,
  })
# ---
# name: test_sensor_update_exceptions[CannotConnect][sensor.pyload_speed-state]
  StateSnapshot({
    'attributes': ReadOnlyDict({
      'device_class': 'data_rate',
      'friendly_name': 'pyLoad Speed',
      'unit_of_measurement': <UnitOfDataRate.MEGABYTES_PER_SECOND: 'MB/s'>,
    }),
    'context': <ANY>,
    'entity_id': 'sensor.pyload_speed',
    'last_changed': <ANY>,
    'last_reported': <ANY>,
    'last_updated': <ANY>,
    'state': 'unavailable',
  })
# ---
# name: test_sensor_update_exceptions[InvalidAuth][sensor.pyload_speed-entry]
  EntityRegistryEntrySnapshot({
    'aliases': set({
    }),
    'area_id': None,
    'capabilities': None,
    'config_entry_id': <ANY>,
    'device_class': None,
    'device_id': <ANY>,
    'disabled_by': None,
    'domain': 'sensor',
    'entity_category': None,
    'entity_id': 'sensor.pyload_speed',
    'has_entity_name': True,
    'hidden_by': None,
    'icon': None,
    'id': <ANY>,
    'labels': set({
    }),
    'name': None,
    'options': dict({
      'sensor': dict({
        'suggested_display_precision': 1,
      }),
      'sensor.private': dict({
        'suggested_unit_of_measurement': <UnitOfDataRate.MEGABYTES_PER_SECOND: 'MB/s'>,
      }),
    }),
    'original_device_class': <SensorDeviceClass.DATA_RATE: 'data_rate'>,
    'original_icon': None,
    'original_name': 'Speed',
    'platform': 'pyload',
    'previous_unique_id': None,
    'supported_features': 0,
    'translation_key': <PyLoadSensorEntity.SPEED: 'speed'>,
    'unique_id': 'XXXXXXXXXXXXXX_speed',
    'unit_of_measurement': <UnitOfDataRate.MEGABYTES_PER_SECOND: 'MB/s'>,
  })
# ---
# name: test_sensor_update_exceptions[InvalidAuth][sensor.pyload_speed-state]
  StateSnapshot({
    'attributes': ReadOnlyDict({
      'device_class': 'data_rate',
      'friendly_name': 'pyLoad Speed',
      'unit_of_measurement': <UnitOfDataRate.MEGABYTES_PER_SECOND: 'MB/s'>,
    }),
    'context': <ANY>,
    'entity_id': 'sensor.pyload_speed',
    'last_changed': <ANY>,
    'last_reported': <ANY>,
    'last_updated': <ANY>,
    'state': 'unavailable',
  })
# ---
# name: test_sensor_update_exceptions[ParserError][sensor.pyload_speed-entry]
  EntityRegistryEntrySnapshot({
    'aliases': set({
    }),
    'area_id': None,
    'capabilities': None,
    'config_entry_id': <ANY>,
    'device_class': None,
    'device_id': <ANY>,
    'disabled_by': None,
    'domain': 'sensor',
    'entity_category': None,
    'entity_id': 'sensor.pyload_speed',
    'has_entity_name': True,
    'hidden_by': None,
    'icon': None,
    'id': <ANY>,
    'labels': set({
    }),
    'name': None,
    'options': dict({
      'sensor': dict({
        'suggested_display_precision': 1,
      }),
      'sensor.private': dict({
        'suggested_unit_of_measurement': <UnitOfDataRate.MEGABYTES_PER_SECOND: 'MB/s'>,
      }),
    }),
    'original_device_class': <SensorDeviceClass.DATA_RATE: 'data_rate'>,
    'original_icon': None,
    'original_name': 'Speed',
    'platform': 'pyload',
    'previous_unique_id': None,
    'supported_features': 0,
    'translation_key': <PyLoadSensorEntity.SPEED: 'speed'>,
    'unique_id': 'XXXXXXXXXXXXXX_speed',
    'unit_of_measurement': <UnitOfDataRate.MEGABYTES_PER_SECOND: 'MB/s'>,
  })
# ---
# name: test_sensor_update_exceptions[ParserError][sensor.pyload_speed-state]
  StateSnapshot({
    'attributes': ReadOnlyDict({
      'device_class': 'data_rate',
      'friendly_name': 'pyLoad Speed',
      'unit_of_measurement': <UnitOfDataRate.MEGABYTES_PER_SECOND: 'MB/s'>,
    }),
    'context': <ANY>,
    'entity_id': 'sensor.pyload_speed',
    'last_changed': <ANY>,
    'last_reported': <ANY>,
    'last_updated': <ANY>,
    'state': 'unavailable',
  })
# ---
# name: test_sensors_unavailable[CannotConnect][sensor.pyload_speed-entry]
  EntityRegistryEntrySnapshot({
    'aliases': set({
    }),
    'area_id': None,
    'capabilities': None,
    'config_entry_id': <ANY>,
    'device_class': None,
    'device_id': <ANY>,
    'disabled_by': None,
    'domain': 'sensor',
    'entity_category': None,
    'entity_id': 'sensor.pyload_speed',
    'has_entity_name': True,
    'hidden_by': None,
    'icon': None,
    'id': <ANY>,
    'labels': set({
    }),
    'name': None,
    'options': dict({
      'sensor': dict({
        'suggested_display_precision': 1,
      }),
      'sensor.private': dict({
        'suggested_unit_of_measurement': <UnitOfDataRate.MEGABYTES_PER_SECOND: 'MB/s'>,
      }),
    }),
    'original_device_class': <SensorDeviceClass.DATA_RATE: 'data_rate'>,
    'original_icon': None,
    'original_name': 'Speed',
    'platform': 'pyload',
    'previous_unique_id': None,
    'supported_features': 0,
    'translation_key': None,
    'unique_id': 'XXXXXXXXXXXXXX_speed',
    'unit_of_measurement': <UnitOfDataRate.MEGABYTES_PER_SECOND: 'MB/s'>,
  })
# ---
# name: test_sensors_unavailable[CannotConnect][sensor.pyload_speed-state]
  StateSnapshot({
    'attributes': ReadOnlyDict({
      'device_class': 'data_rate',
      'friendly_name': 'pyLoad Speed',
      'unit_of_measurement': <UnitOfDataRate.MEGABYTES_PER_SECOND: 'MB/s'>,
    }),
    'context': <ANY>,
    'entity_id': 'sensor.pyload_speed',
    'last_changed': <ANY>,
    'last_reported': <ANY>,
    'last_updated': <ANY>,
    'state': 'unavailable',
  })
# ---
# name: test_sensors_unavailable[InvalidAuth][sensor.pyload_speed-entry]
  EntityRegistryEntrySnapshot({
    'aliases': set({
    }),
    'area_id': None,
    'capabilities': None,
    'config_entry_id': <ANY>,
    'device_class': None,
    'device_id': <ANY>,
    'disabled_by': None,
    'domain': 'sensor',
    'entity_category': None,
    'entity_id': 'sensor.pyload_speed',
    'has_entity_name': True,
    'hidden_by': None,
    'icon': None,
    'id': <ANY>,
    'labels': set({
    }),
    'name': None,
    'options': dict({
      'sensor': dict({
        'suggested_display_precision': 1,
      }),
      'sensor.private': dict({
        'suggested_unit_of_measurement': <UnitOfDataRate.MEGABYTES_PER_SECOND: 'MB/s'>,
      }),
    }),
    'original_device_class': <SensorDeviceClass.DATA_RATE: 'data_rate'>,
    'original_icon': None,
    'original_name': 'Speed',
    'platform': 'pyload',
    'previous_unique_id': None,
    'supported_features': 0,
    'translation_key': None,
    'unique_id': 'XXXXXXXXXXXXXX_speed',
    'unit_of_measurement': <UnitOfDataRate.MEGABYTES_PER_SECOND: 'MB/s'>,
  })
# ---
# name: test_sensors_unavailable[InvalidAuth][sensor.pyload_speed-state]
  StateSnapshot({
    'attributes': ReadOnlyDict({
      'device_class': 'data_rate',
      'friendly_name': 'pyLoad Speed',
      'unit_of_measurement': <UnitOfDataRate.MEGABYTES_PER_SECOND: 'MB/s'>,
    }),
    'context': <ANY>,
    'entity_id': 'sensor.pyload_speed',
    'last_changed': <ANY>,
    'last_reported': <ANY>,
    'last_updated': <ANY>,
    'state': 'unavailable',
  })
# ---
# name: test_sensors_unavailable[ParserError][sensor.pyload_speed-entry]
  EntityRegistryEntrySnapshot({
    'aliases': set({
    }),
    'area_id': None,
    'capabilities': None,
    'config_entry_id': <ANY>,
    'device_class': None,
    'device_id': <ANY>,
    'disabled_by': None,
    'domain': 'sensor',
    'entity_category': None,
    'entity_id': 'sensor.pyload_speed',
    'has_entity_name': True,
    'hidden_by': None,
    'icon': None,
    'id': <ANY>,
    'labels': set({
    }),
    'name': None,
    'options': dict({
      'sensor': dict({
        'suggested_display_precision': 1,
      }),
      'sensor.private': dict({
        'suggested_unit_of_measurement': <UnitOfDataRate.MEGABYTES_PER_SECOND: 'MB/s'>,
      }),
    }),
    'original_device_class': <SensorDeviceClass.DATA_RATE: 'data_rate'>,
    'original_icon': None,
    'original_name': 'Speed',
    'platform': 'pyload',
    'previous_unique_id': None,
    'supported_features': 0,
    'translation_key': None,
    'unique_id': 'XXXXXXXXXXXXXX_speed',
    'unit_of_measurement': <UnitOfDataRate.MEGABYTES_PER_SECOND: 'MB/s'>,
  })
# ---
# name: test_sensors_unavailable[ParserError][sensor.pyload_speed-state]
  StateSnapshot({
    'attributes': ReadOnlyDict({
      'device_class': 'data_rate',
      'friendly_name': 'pyLoad Speed',
      'unit_of_measurement': <UnitOfDataRate.MEGABYTES_PER_SECOND: 'MB/s'>,
    }),
    'context': <ANY>,
    'entity_id': 'sensor.pyload_speed',
    'last_changed': <ANY>,
    'last_reported': <ANY>,
    'last_updated': <ANY>,
    'state': 'unavailable',
  })
# ---
# name: test_setup
  StateSnapshot({
    'attributes': ReadOnlyDict({
      'device_class': 'data_rate',
      'friendly_name': 'pyload Speed',
      'unit_of_measurement': <UnitOfDataRate.MEGABYTES_PER_SECOND: 'MB/s'>,
    }),
    'context': <ANY>,
    'entity_id': 'sensor.pyload_speed',
    'last_changed': <ANY>,
    'last_reported': <ANY>,
    'last_updated': <ANY>,
    'state': '5.405963',
  })
# ---
# name: test_setup[sensor.pyload_speed-entry]
  EntityRegistryEntrySnapshot({
    'aliases': set({
    }),
    'area_id': None,
    'capabilities': None,
    'config_entry_id': <ANY>,
    'device_class': None,
    'device_id': <ANY>,
    'disabled_by': None,
    'domain': 'sensor',
    'entity_category': None,
    'entity_id': 'sensor.pyload_speed',
    'has_entity_name': True,
    'hidden_by': None,
    'icon': None,
    'id': <ANY>,
    'labels': set({
    }),
    'name': None,
    'options': dict({
      'sensor': dict({
        'suggested_display_precision': 1,
      }),
      'sensor.private': dict({
        'suggested_unit_of_measurement': <UnitOfDataRate.MEGABYTES_PER_SECOND: 'MB/s'>,
      }),
    }),
    'original_device_class': <SensorDeviceClass.DATA_RATE: 'data_rate'>,
    'original_icon': None,
    'original_name': 'Speed',
    'platform': 'pyload',
    'previous_unique_id': None,
    'supported_features': 0,
    'translation_key': <PyLoadSensorEntity.SPEED: 'speed'>,
    'unique_id': 'XXXXXXXXXXXXXX_speed',
    'unit_of_measurement': <UnitOfDataRate.MEGABYTES_PER_SECOND: 'MB/s'>,
  })
# ---
# name: test_setup[sensor.pyload_speed-state]
  StateSnapshot({
    'attributes': ReadOnlyDict({
      'device_class': 'data_rate',
      'friendly_name': 'pyLoad Speed',
      'unit_of_measurement': <UnitOfDataRate.MEGABYTES_PER_SECOND: 'MB/s'>,
    }),
    'context': <ANY>,
    'entity_id': 'sensor.pyload_speed',
    'last_changed': <ANY>,
    'last_reported': <ANY>,
    'last_updated': <ANY>,
    'state': '5.405963',
  })
# ---
